// Jest Snapshot v1, https://goo.gl/fbAQLP

exports[`matches snapshot 1`] = `
Array [
  <style
    dangerouslySetInnerHTML={
      Object {
        "__html": ".css-zq3qgw{display:-webkit-box;display:-webkit-flex;display:-ms-flexbox;display:flex;-webkit-flex-direction:column;-ms-flex-direction:column;flex-direction:column;-webkit-box-pack:center;-ms-flex-pack:center;-webkit-justify-content:center;justify-content:center;padding:10px 0 160px;margin-top:100px;margin-bottom:-80px;background:#101522;}",
      }
    }
    data-emotion="css zq3qgw"
  />,
  <div
    className="css-zq3qgw"
  >
    <style
      dangerouslySetInnerHTML={
        Object {
          "__html": ".css-gmuwbf{display:-webkit-box;display:-webkit-flex;display:-ms-flexbox;display:flex;-webkit-align-items:center;-webkit-box-align:center;-ms-flex-align:center;align-items:center;-webkit-box-pack:center;-ms-flex-pack:center;-webkit-justify-content:center;justify-content:center;}",
        }
      }
      data-emotion="css gmuwbf"
    />
    <div
      className="css-gmuwbf"
    >
      <style
        dangerouslySetInnerHTML={
          Object {
            "__html": ".css-1lya5ko{margin-top:20px;margin-bottom:-10px;border-style:solid;border-color:cyan.600;border-width:0px 0px 5PX 0PX;}",
          }
        }
        data-emotion="css 1lya5ko"
      />
      <h2
        className="chakra-heading css-1lya5ko"
      >
        Chatbot Domains
      </h2>
    </div>
    <div
      className="sc-hKgJUU cnKurp"
    >
      <h1
        className="sc-eCstlR fPDxSP"
      >
         
      </h1>
      <div
        className="sc-jSgvzq cvwFIz"
      >
        <a
          className="sc-gKseQn kgDqvK"
          href="/education"
          onClick={[Function]}
        >
          <div
            className="sc-iBPTik gvTiuK"
          >
            <div
              className="sc-fubCzh kDmzJY"
            >
              <svg
                color="white"
                fill="currentColor"
                height={64}
                stroke="currentColor"
                strokeWidth="0"
                style={
                  Object {
                    "color": "white",
                  }
                }
                viewBox="0 0 512 512"
                width={64}
                xmlns="http://www.w3.org/2000/svg"
              >
                <path
                  d="M101.1 24.88L135.5 157l88.1 4.8-3-17.2-1.9-11.2 123.3 7.4 4.9 27.8 75.9 4.2-32.5-124.62-289.2-23.3zm-18.82 1.6c-30.5 11.9-55.7 53.1-49.8 75.32l3.3 11.8c.6-1.8 1.3-3.5 2.1-5.3 9.9-23.72 26.5-46.82 50.3-58.92l-5.9-22.9zm10.8 41.6c-16.7 10-29.9 28.1-38 47.42-5.2 12.5-8 25.6-8.7 36.5l17.46 63.5c12.8-21.2 30.19-42.3 53.96-52.4L93.08 68.08zM240.3 152.8l20.2 117.4 87 4.3L326.8 158l-86.5-5.2zm46.8 21.2a25.29 20.33 24.87 0 1 2.4 0 25.29 20.33 24.87 0 1 27.2 22.4 25.29 20.33 24.87 0 1-13.2 19.2l20.8 37.5-48.7-2.2 10.9-36.1a25.29 20.33 24.87 0 1-18.5-20.6 25.29 20.33 24.87 0 1 19.1-20.2zm-146.8 1.3l15 57.6 81.2 3.4-9.8-56.2-86.4-4.8zm-17.9 5.6c-21.8 10.6-39.52 36.3-51.73 59.4l12.46 45.3c10.27-15.7 23.97-32.8 53.57-49.9l-14.3-54.8zm227.8 5.9l9.7 54.7 81.7 3.5-14.1-53.9-77.3-4.3zM160 251.1l31.2 119.6 289.2 23.2-34-130.6-83.3-3.5 6 33.9-123.8-6.3-5.7-32.9-79.6-3.4zm-18.6 2.7c-32 19.4-39.7 35.9-51.79 55.4l21.49 78.1c.3-.5.6-1.1.9-1.6 10.6-19.3 27.8-37.7 51.1-48.5l-21.7-83.4zM168 355.7c-17.7 9.1-31.2 23.7-39.6 39-4.5 8.1-7.3 16.3-8.7 23.7l11.7 42.4 1.6.2c-3.8-27.6 11.4-60.5 41.3-81.1l-6.3-24.2zm26.3 34c-32.6 17.3-46.5 52.4-41.8 72.9l289.8 24.5c-5.3-7.8-8.7-17.9-8.6-28.5l-22.4-9 46.3-7.3-13.5-12.8c5.6-7 13.7-13.1 24.9-17.7l-274.7-22.1z"
                />
              </svg>
            </div>
            <h3
              className="sc-pGacB kTzpcE"
            >
              Education
            </h3>
            <h4
              className="sc-jrAFXE fnenct"
            >
              6+
            </h4>
            <p
              className="sc-kEjbQP hIvqQU"
            >
              Features
            </p>
            <ul
              className="sc-iqHYmW ctvYNe"
            >
              <li
                className="sc-crrszt ixBlWL"
              >
                Artificial Intelligence
              </li>
              <li
                className="sc-crrszt ixBlWL"
              >
                Best Chatbot in Sri Lanka
              </li>
              <li
                className="sc-crrszt ixBlWL"
              >
                Trending Questions
              </li>
            </ul>
            <button
              className="sc-gsTEea SBhpg"
              data-testid="Enter1"
            >
              Enter
            </button>
          </div>
        </a>
        <a
          className="sc-gKseQn kgDqvK"
          href="/"
          onClick={[Function]}
        >
          <div
            className="sc-iBPTik gvTiuK"
          >
            <div
              className="sc-fubCzh kDmzJY"
            >
              <svg
                color="white"
                fill="currentColor"
                height={64}
                stroke="currentColor"
                strokeWidth="0"
                style={
                  Object {
                    "color": "white",
                  }
                }
                viewBox="0 0 512 512"
                width={64}
                xmlns="http://www.w3.org/2000/svg"
              >
                <path
                  d="M196 16a30 30 0 0 0-30 30v120H46a30 30 0 0 0-30 30v120a30 30 0 0 0 30 30h120v120a30 30 0 0 0 30 30h120a30 30 0 0 0 30-30V346h120a30 30 0 0 0 30-30V196a30 30 0 0 0-30-30H346V46a30 30 0 0 0-30-30H196z"
                />
              </svg>
            </div>
            <h3
              className="sc-pGacB kTzpcE"
            >
              HealthCare
            </h3>
            <h4
              className="sc-jrAFXE fnenct"
            >
              100+
            </h4>
            <p
              className="sc-kEjbQP hIvqQU"
            >
              Users per day
            </p>
            <ul
              className="sc-iqHYmW ctvYNe"
            >
              <li
                className="sc-crrszt ixBlWL"
              >
                Deep Learning
              </li>
              <li
                className="sc-crrszt ixBlWL"
              >
                Fast Responses
              </li>
              <li
                className="sc-crrszt ixBlWL"
              >
                24/7
              </li>
            </ul>
            <button
              className="sc-gsTEea SBhpg"
              data-testid="Enter2"
            >
              Enter
            </button>
          </div>
        </a>
        <a
          className="sc-gKseQn kgDqvK"
          href="/"
          onClick={[Function]}
        >
          <div
            className="sc-iBPTik gvTiuK"
          >
            <div
              className="sc-fubCzh kDmzJY"
            >
              <svg
                color="white"
                fill="currentColor"
                height={64}
                stroke="currentColor"
                strokeWidth="0"
                style={
                  Object {
                    "color": "white",
                  }
                }
                viewBox="0 0 512 512"
                width={64}
                xmlns="http://www.w3.org/2000/svg"
              >
                <path
                  d="M355.975 292.25a24.82 24.82 0 1 0 24.82-24.81 24.84 24.84 0 0 0-24.82 24.81zm-253-24.81a24.81 24.81 0 1 1-24.82 24.81 24.84 24.84 0 0 1 24.81-24.81zm-76.67-71.52h67.25l-13.61 49.28 92-50.28h57.36l1.26 34.68 32 14.76 11.74-14.44h15.62l3.16 16c137.56-13 192.61 29.17 192.61 29.17s-7.52 5-25.93 8.39c-3.88 3.31-3.66 14.44-3.66 14.44h24.2v16h-52v-27.48c-1.84.07-4.45.41-7.06.47a40.81 40.81 0 1 0-77.25 23h-204.24a40.81 40.81 0 1 0-77.61-17.67c0 1.24.06 2.46.17 3.67h-36z"
                />
              </svg>
            </div>
            <h3
              className="sc-pGacB kTzpcE"
            >
              Public Transport
            </h3>
            <h4
              className="sc-jrAFXE fnenct"
            >
              24/7
            </h4>
            <p
              className="sc-kEjbQP hIvqQU"
            >
              Service
            </p>
            <ul
              className="sc-iqHYmW ctvYNe"
            >
              <li
                className="sc-crrszt ixBlWL"
              >
                Neural Networks
              </li>
              <li
                className="sc-crrszt ixBlWL"
              >
                Newest Technologies
              </li>
              <li
                className="sc-crrszt ixBlWL"
              >
                24/7 Support
              </li>
            </ul>
            <button
              className="sc-gsTEea SBhpg"
              data-testid="Enter3"
            >
              Enter
            </button>
          </div>
        </a>
      </div>
    </div>
  </div>,
]
`;
